---
source: crates/jv_build/src/tests/logging_artifacts.rs
assertion_line: 34
expression: "&artifacts[0].contents"
---
<configuration scan="true">
  <appender name="OTEL" class="io.opentelemetry.instrumentation.logback.appender.v1_0.OpenTelemetryAppender">
    <otelExporter endpoint="https://collector.example.com:4317" protocol="grpc"/>
    <otelResource>
      <attribute key="service.name" value="order-service"/>
    </otelResource>
    <otelAttributes>
      <attribute key="deployment.environment" value="staging"/>
      <attribute key="team" value="observability"/>
    </otelAttributes>
  </appender>
  <root level="DEBUG">
    <appender-ref ref="OTEL"/>
  </root>
</configuration>
