---
source: crates/jv_build/src/tests/logging_artifacts.rs
assertion_line: 59
expression: "&artifacts[0].contents"
---
handlers = io.opentelemetry.instrumentation.logging.appender.javautil.OpenTelemetryHandler
io.opentelemetry.instrumentation.logging.appender.javautil.OpenTelemetryHandler.level = DEBUG
io.opentelemetry.instrumentation.logging.appender.javautil.OpenTelemetryHandler.endpoint = https\://collector.example.com\:4317
io.opentelemetry.instrumentation.logging.appender.javautil.OpenTelemetryHandler.protocol = http
io.opentelemetry.instrumentation.logging.appender.javautil.OpenTelemetryHandler.traceContext = true
io.opentelemetry.instrumentation.logging.appender.javautil.OpenTelemetryHandler.resource.service.name = order-service
io.opentelemetry.instrumentation.logging.appender.javautil.OpenTelemetryHandler.attribute.deployment.environment = staging
io.opentelemetry.instrumentation.logging.appender.javautil.OpenTelemetryHandler.attribute.team = observability
